Traceback (most recent call last):
  File "/nesi/project/uoa04341/conda/nesi-env/lib/python3.12/site-packages/huggingface_hub/utils/_http.py", line 409, in hf_raise_for_status
    response.raise_for_status()
  File "/nesi/project/uoa04341/conda/nesi-env/lib/python3.12/site-packages/requests/models.py", line 1026, in raise_for_status
    raise HTTPError(http_error_msg, response=self)
requests.exceptions.HTTPError: 401 Client Error: Unauthorized for url: https://huggingface.co/google/gemma-3-27b-it/resolve/main/config.json

The above exception was the direct cause of the following exception:

Traceback (most recent call last):
  File "/nesi/project/uoa04341/conda/nesi-env/lib/python3.12/site-packages/transformers/utils/hub.py", line 470, in cached_files
    hf_hub_download(
  File "/nesi/project/uoa04341/conda/nesi-env/lib/python3.12/site-packages/huggingface_hub/utils/_validators.py", line 114, in _inner_fn
    return fn(*args, **kwargs)
           ^^^^^^^^^^^^^^^^^^^
  File "/nesi/project/uoa04341/conda/nesi-env/lib/python3.12/site-packages/huggingface_hub/file_download.py", line 1008, in hf_hub_download
    return _hf_hub_download_to_cache_dir(
           ^^^^^^^^^^^^^^^^^^^^^^^^^^^^^^
  File "/nesi/project/uoa04341/conda/nesi-env/lib/python3.12/site-packages/huggingface_hub/file_download.py", line 1115, in _hf_hub_download_to_cache_dir
    _raise_on_head_call_error(head_call_error, force_download, local_files_only)
  File "/nesi/project/uoa04341/conda/nesi-env/lib/python3.12/site-packages/huggingface_hub/file_download.py", line 1645, in _raise_on_head_call_error
    raise head_call_error
  File "/nesi/project/uoa04341/conda/nesi-env/lib/python3.12/site-packages/huggingface_hub/file_download.py", line 1533, in _get_metadata_or_catch_error
    metadata = get_hf_file_metadata(
               ^^^^^^^^^^^^^^^^^^^^^
  File "/nesi/project/uoa04341/conda/nesi-env/lib/python3.12/site-packages/huggingface_hub/utils/_validators.py", line 114, in _inner_fn
    return fn(*args, **kwargs)
           ^^^^^^^^^^^^^^^^^^^
  File "/nesi/project/uoa04341/conda/nesi-env/lib/python3.12/site-packages/huggingface_hub/file_download.py", line 1450, in get_hf_file_metadata
    r = _request_wrapper(
        ^^^^^^^^^^^^^^^^^
  File "/nesi/project/uoa04341/conda/nesi-env/lib/python3.12/site-packages/huggingface_hub/file_download.py", line 286, in _request_wrapper
    response = _request_wrapper(
               ^^^^^^^^^^^^^^^^^
  File "/nesi/project/uoa04341/conda/nesi-env/lib/python3.12/site-packages/huggingface_hub/file_download.py", line 310, in _request_wrapper
    hf_raise_for_status(response)
  File "/nesi/project/uoa04341/conda/nesi-env/lib/python3.12/site-packages/huggingface_hub/utils/_http.py", line 426, in hf_raise_for_status
    raise _format(GatedRepoError, message, response) from e
huggingface_hub.errors.GatedRepoError: 401 Client Error. (Request ID: Root=1-699806b6-75576133650dc3c455b4090f;96c45b3d-e254-4d9e-9aaa-e13cffcdee31)

Cannot access gated repo for url https://huggingface.co/google/gemma-3-27b-it/resolve/main/config.json.
Access to model google/gemma-3-27b-it is restricted. You must have access to it and be authenticated to access it. Please log in.

The above exception was the direct cause of the following exception:

Traceback (most recent call last):
  File "/nesi/project/uoa04665/COLIEE-2026/utils/preprocessing/gemma_case_processing.py", line 158, in load_model
    model = Gemma3ForConditionalGeneration.from_pretrained(
            ^^^^^^^^^^^^^^^^^^^^^^^^^^^^^^^^^^^^^^^^^^^^^^^
  File "/nesi/project/uoa04341/conda/nesi-env/lib/python3.12/site-packages/transformers/modeling_utils.py", line 311, in _wrapper
    return func(*args, **kwargs)
           ^^^^^^^^^^^^^^^^^^^^^
  File "/nesi/project/uoa04341/conda/nesi-env/lib/python3.12/site-packages/transformers/modeling_utils.py", line 4583, in from_pretrained
    config, model_kwargs = cls.config_class.from_pretrained(
                           ^^^^^^^^^^^^^^^^^^^^^^^^^^^^^^^^^
  File "/nesi/project/uoa04341/conda/nesi-env/lib/python3.12/site-packages/transformers/configuration_utils.py", line 568, in from_pretrained
    config_dict, kwargs = cls.get_config_dict(pretrained_model_name_or_path, **kwargs)
                          ^^^^^^^^^^^^^^^^^^^^^^^^^^^^^^^^^^^^^^^^^^^^^^^^^^^^^^^^^^^^
  File "/nesi/project/uoa04341/conda/nesi-env/lib/python3.12/site-packages/transformers/configuration_utils.py", line 608, in get_config_dict
    config_dict, kwargs = cls._get_config_dict(pretrained_model_name_or_path, **kwargs)
                          ^^^^^^^^^^^^^^^^^^^^^^^^^^^^^^^^^^^^^^^^^^^^^^^^^^^^^^^^^^^^^
  File "/nesi/project/uoa04341/conda/nesi-env/lib/python3.12/site-packages/transformers/configuration_utils.py", line 667, in _get_config_dict
    resolved_config_file = cached_file(
                           ^^^^^^^^^^^^
  File "/nesi/project/uoa04341/conda/nesi-env/lib/python3.12/site-packages/transformers/utils/hub.py", line 312, in cached_file
    file = cached_files(path_or_repo_id=path_or_repo_id, filenames=[filename], **kwargs)
           ^^^^^^^^^^^^^^^^^^^^^^^^^^^^^^^^^^^^^^^^^^^^^^^^^^^^^^^^^^^^^^^^^^^^^^^^^^^^^
  File "/nesi/project/uoa04341/conda/nesi-env/lib/python3.12/site-packages/transformers/utils/hub.py", line 533, in cached_files
    raise OSError(
OSError: You are trying to access a gated repo.
Make sure to have access to it at https://huggingface.co/google/gemma-3-27b-it.
401 Client Error. (Request ID: Root=1-699806b6-75576133650dc3c455b4090f;96c45b3d-e254-4d9e-9aaa-e13cffcdee31)

Cannot access gated repo for url https://huggingface.co/google/gemma-3-27b-it/resolve/main/config.json.
Access to model google/gemma-3-27b-it is restricted. You must have access to it and be authenticated to access it. Please log in.

The above exception was the direct cause of the following exception:

Traceback (most recent call last):
  File "/nesi/project/uoa04665/COLIEE-2026/5.process_cases.py", line 108, in <module>
    main()
  File "/nesi/project/uoa04665/COLIEE-2026/5.process_cases.py", line 93, in main
    run_case_enhancement_slice(
  File "/nesi/project/uoa04665/COLIEE-2026/utils/preprocessing/gemma_case_processing.py", line 305, in run_case_enhancement_slice
    model, processor = load_model(model_id, cache_directory)
                       ^^^^^^^^^^^^^^^^^^^^^^^^^^^^^^^^^^^^^
  File "/nesi/project/uoa04665/COLIEE-2026/utils/preprocessing/gemma_case_processing.py", line 173, in load_model
    raise RuntimeError(
RuntimeError: Cannot access gated Hugging Face model. Ensure your account has accepted model access and provide token via `--hf-token` or env `HF_TOKEN` / `HUGGINGFACE_HUB_TOKEN`.
